{
  "command": "status",
  "contract": {
    "name": "aethos.cli.json.v1",
    "version": 1
  },
  "identity": {
    "exchange_public_key": "",
    "key_fingerprint": "",
    "key_type": "Ed25519",
    "public_key": "",
    "self_certifying": false,
    "short_id": "",
    "wayfarer_id": ""
  },
  "ok": true,
  "peers_summary": {
    "recently_seen": 0,
    "stale": 0,
    "total": 0
  },
  "store": {
    "exists": false
  },
  "transfers_summary": {
    "complete": 0,
    "evicted": 0,
    "failed": 0,
    "queued": 0,
    "receiving": 0,
    "sending": 0,
    "total": 0
  }
}
