{
  "command": "transfers.show",
  "contract": {
    "name": "aethos.cli.json.v1",
    "version": 1
  },
  "ok": true,
  "transfer": {
    "bytes_received": 0,
    "bytes_sent": 0,
    "bytes_total": 0,
    "completed_at": null,
    "created_at": "1970-01-01T00:00:00Z",
    "custody": "origin",
    "direction": "outbound",
    "evicted": false,
    "expires_at": null,
    "last_activity_at": "1970-01-01T00:00:00Z",
    "last_error": null,
    "manifest_hash": null,
    "original_filename": null,
    "parts_received": 0,
    "parts_sent": 0,
    "parts_total": 0,
    "payload_hash": null,
    "peer_from": "",
    "peer_to": "",
    "status": "queued",
    "transfer_id": "00000000-0000-0000-0000-000000000000",
    "ttl_seconds": null,
    "updated_at": "1970-01-01T00:00:00Z",
    "verified": false
  }
}
